
> personalportfolio@0.1.0 build /Users/ferryhinardi/Project/personal-web
> tsc && vite build

[33mThe CJS build of Vite's Node API is deprecated. See https://vite.dev/guide/troubleshooting.html#vite-cjs-node-api-deprecated for more details.[39m
vite v6.4.1 building for production...
transforming...
✓ 5 modules transformed.
✗ Build failed in 63ms
error during build:
[vite-plugin-pwa:build] [plugin vite-plugin-pwa:build] src/styles/print.css: There was an error during the build:
  Failed to load PostCSS config (searchPath: /Users/ferryhinardi/Project/personal-web): [Error] Loading PostCSS Plugin failed: Cannot find module 'autoprefixer'
Require stack:
- /Users/ferryhinardi/Project/personal-web/postcss.config.js

(@/Users/ferryhinardi/Project/personal-web/postcss.config.js)
Error: Loading PostCSS Plugin failed: Cannot find module 'autoprefixer'
Require stack:
- /Users/ferryhinardi/Project/personal-web/postcss.config.js

(@/Users/ferryhinardi/Project/personal-web/postcss.config.js)
    at load (file:///Users/ferryhinardi/Project/personal-web/node_modules/.pnpm/vite@6.4.1_@types+node@25.0.3_jiti@2.6.1_lightningcss@1.30.2_terser@5.44.1/node_modules/vite/dist/node/chunks/dep-D4NMHUTW.js:11776:11)
    at async Promise.all (index 1)
    at async plugins (file:///Users/ferryhinardi/Project/personal-web/node_modules/.pnpm/vite@6.4.1_@types+node@25.0.3_jiti@2.6.1_lightningcss@1.30.2_terser@5.44.1/node_modules/vite/dist/node/chunks/dep-D4NMHUTW.js:11805:12)
    at async processResult (file:///Users/ferryhinardi/Project/personal-web/node_modules/.pnpm/vite@6.4.1_@types+node@25.0.3_jiti@2.6.1_lightningcss@1.30.2_terser@5.44.1/node_modules/vite/dist/node/chunks/dep-D4NMHUTW.js:11876:14)
Additionally, handling the error in the 'buildEnd' hook caused the following error:
  Failed to load PostCSS config (searchPath: /Users/ferryhinardi/Project/personal-web): [Error] Loading PostCSS Plugin failed: Cannot find module 'autoprefixer'
Require stack:
- /Users/ferryhinardi/Project/personal-web/postcss.config.js

(@/Users/ferryhinardi/Project/personal-web/postcss.config.js)
Error: Loading PostCSS Plugin failed: Cannot find module 'autoprefixer'
Require stack:
- /Users/ferryhinardi/Project/personal-web/postcss.config.js

(@/Users/ferryhinardi/Project/personal-web/postcss.config.js)
    at load (file:///Users/ferryhinardi/Project/personal-web/node_modules/.pnpm/vite@6.4.1_@types+node@25.0.3_jiti@2.6.1_lightningcss@1.30.2_terser@5.44.1/node_modules/vite/dist/node/chunks/dep-D4NMHUTW.js:11776:11)
    at async Promise.all (index 1)
    at async plugins (file:///Users/ferryhinardi/Project/personal-web/node_modules/.pnpm/vite@6.4.1_@types+node@25.0.3_jiti@2.6.1_lightningcss@1.30.2_terser@5.44.1/node_modules/vite/dist/node/chunks/dep-D4NMHUTW.js:11805:12)
    at async processResult (file:///Users/ferryhinardi/Project/personal-web/node_modules/.pnpm/vite@6.4.1_@types+node@25.0.3_jiti@2.6.1_lightningcss@1.30.2_terser@5.44.1/node_modules/vite/dist/node/chunks/dep-D4NMHUTW.js:11876:14)
file: /Users/ferryhinardi/Project/personal-web/src/styles/print.css
    at getRollupError (file:///Users/ferryhinardi/Project/personal-web/node_modules/.pnpm/rollup@4.54.0/node_modules/rollup/dist/es/shared/parseAst.js:401:41)
    at file:///Users/ferryhinardi/Project/personal-web/node_modules/.pnpm/rollup@4.54.0/node_modules/rollup/dist/es/shared/node-entry.js:23418:39
    at async catchUnfinishedHookActions (file:///Users/ferryhinardi/Project/personal-web/node_modules/.pnpm/rollup@4.54.0/node_modules/rollup/dist/es/shared/node-entry.js:22876:16)
    at async rollupInternal (file:///Users/ferryhinardi/Project/personal-web/node_modules/.pnpm/rollup@4.54.0/node_modules/rollup/dist/es/shared/node-entry.js:23401:5)
    at async buildEnvironment (file:///Users/ferryhinardi/Project/personal-web/node_modules/.pnpm/vite@6.4.1_@types+node@25.0.3_jiti@2.6.1_lightningcss@1.30.2_terser@5.44.1/node_modules/vite/dist/node/chunks/dep-D4NMHUTW.js:46235:14)
    at async Object.defaultBuildApp [as buildApp] (file:///Users/ferryhinardi/Project/personal-web/node_modules/.pnpm/vite@6.4.1_@types+node@25.0.3_jiti@2.6.1_lightningcss@1.30.2_terser@5.44.1/node_modules/vite/dist/node/chunks/dep-D4NMHUTW.js:46713:5)
    at async CAC.<anonymous> (file:///Users/ferryhinardi/Project/personal-web/node_modules/.pnpm/vite@6.4.1_@types+node@25.0.3_jiti@2.6.1_lightningcss@1.30.2_terser@5.44.1/node_modules/vite/dist/node/cli.js:863:7)
 ELIFECYCLE  Command failed with exit code 1.
